sdf
123123sdf
